%!Adobe-FontList 1.20
%Locale:0x409

%BeginFont
Handler:DirectoryHandler
FontType:Invalid
OutlineFileName:C:\Users\irfan\OneDrive\Documents\Web-IRStudio\Font\webfontkit-20201116-020859\generator_config.txt
FileModTime:1605467338
%EndFont

%BeginFont
Handler:DirectoryHandler
FontType:Invalid
OutlineFileName:C:\Users\irfan\OneDrive\Documents\Web-IRStudio\Font\webfontkit-20201116-020859\kastelov_-_axiforma_bold-demo.html
FileModTime:1605467338
%EndFont

%BeginFont
Handler:DirectoryHandler
FontType:Invalid
OutlineFileName:C:\Users\irfan\OneDrive\Documents\Web-IRStudio\Font\webfontkit-20201116-020859\kastelov_-_axiforma_bold-webfont.woff
FileModTime:1605467338
%EndFont

%BeginFont
Handler:DirectoryHandler
FontType:Invalid
OutlineFileName:C:\Users\irfan\OneDrive\Documents\Web-IRStudio\Font\webfontkit-20201116-020859\kastelov_-_axiforma_bold-webfont.woff2
FileModTime:1605467338
%EndFont

%BeginFont
Handler:DirectoryHandler
FontType:Invalid
OutlineFileName:C:\Users\irfan\OneDrive\Documents\Web-IRStudio\Font\webfontkit-20201116-020859\kastelov_-_axiforma_light-demo.html
FileModTime:1605467338
%EndFont

%BeginFont
Handler:DirectoryHandler
FontType:Invalid
OutlineFileName:C:\Users\irfan\OneDrive\Documents\Web-IRStudio\Font\webfontkit-20201116-020859\kastelov_-_axiforma_light-webfont.woff
FileModTime:1605467338
%EndFont

%BeginFont
Handler:DirectoryHandler
FontType:Invalid
OutlineFileName:C:\Users\irfan\OneDrive\Documents\Web-IRStudio\Font\webfontkit-20201116-020859\kastelov_-_axiforma_light-webfont.woff2
FileModTime:1605467338
%EndFont

%BeginFont
Handler:DirectoryHandler
FontType:Invalid
OutlineFileName:C:\Users\irfan\OneDrive\Documents\Web-IRStudio\Font\webfontkit-20201116-020859\kastelov_-_axiforma_medium-demo.html
FileModTime:1605467338
%EndFont

%BeginFont
Handler:DirectoryHandler
FontType:Invalid
OutlineFileName:C:\Users\irfan\OneDrive\Documents\Web-IRStudio\Font\webfontkit-20201116-020859\kastelov_-_axiforma_medium-webfont.woff
FileModTime:1605467338
%EndFont

%BeginFont
Handler:DirectoryHandler
FontType:Invalid
OutlineFileName:C:\Users\irfan\OneDrive\Documents\Web-IRStudio\Font\webfontkit-20201116-020859\kastelov_-_axiforma_medium-webfont.woff2
FileModTime:1605467338
%EndFont

%BeginFont
Handler:DirectoryHandler
FontType:Invalid
OutlineFileName:C:\Users\irfan\OneDrive\Documents\Web-IRStudio\Font\webfontkit-20201116-020859\kastelov_-_axiforma_regular-demo.html
FileModTime:1605467338
%EndFont

%BeginFont
Handler:DirectoryHandler
FontType:Invalid
OutlineFileName:C:\Users\irfan\OneDrive\Documents\Web-IRStudio\Font\webfontkit-20201116-020859\kastelov_-_axiforma_regular-webfont.woff
FileModTime:1605467338
%EndFont

%BeginFont
Handler:DirectoryHandler
FontType:Invalid
OutlineFileName:C:\Users\irfan\OneDrive\Documents\Web-IRStudio\Font\webfontkit-20201116-020859\kastelov_-_axiforma_regular-webfont.woff2
FileModTime:1605467338
%EndFont

%BeginFont
Handler:DirectoryHandler
FontType:Invalid
OutlineFileName:C:\Users\irfan\OneDrive\Documents\Web-IRStudio\Font\webfontkit-20201116-020859\kastelov_-_axiforma_semibold-demo.html
FileModTime:1605467338
%EndFont

%BeginFont
Handler:DirectoryHandler
FontType:Invalid
OutlineFileName:C:\Users\irfan\OneDrive\Documents\Web-IRStudio\Font\webfontkit-20201116-020859\kastelov_-_axiforma_semibold-webfont.woff
FileModTime:1605467338
%EndFont

%BeginFont
Handler:DirectoryHandler
FontType:Invalid
OutlineFileName:C:\Users\irfan\OneDrive\Documents\Web-IRStudio\Font\webfontkit-20201116-020859\kastelov_-_axiforma_semibold-webfont.woff2
FileModTime:1605467338
%EndFont

%BeginFont
Handler:DirectoryHandler
FontType:Invalid
OutlineFileName:C:\Users\irfan\OneDrive\Documents\Web-IRStudio\Font\webfontkit-20201116-020859\kastelov_-_axiforma_thin-demo.html
FileModTime:1605467338
%EndFont

%BeginFont
Handler:DirectoryHandler
FontType:Invalid
OutlineFileName:C:\Users\irfan\OneDrive\Documents\Web-IRStudio\Font\webfontkit-20201116-020859\kastelov_-_axiforma_thin-webfont.woff
FileModTime:1605467338
%EndFont

%BeginFont
Handler:DirectoryHandler
FontType:Invalid
OutlineFileName:C:\Users\irfan\OneDrive\Documents\Web-IRStudio\Font\webfontkit-20201116-020859\kastelov_-_axiforma_thin-webfont.woff2
FileModTime:1605467338
%EndFont

%BeginFont
Handler:DirectoryHandler
FontType:Invalid
OutlineFileName:C:\Users\irfan\OneDrive\Documents\Web-IRStudio\Font\webfontkit-20201116-020859\stylesheet.css
FileModTime:1605510684
%EndFont

%BeginFont
Handler:DirectoryHandler
FontType:Invalid
OutlineFileName:C:\Users\irfan\OneDrive\Documents\Web-IRStudio\Font\webfontkit-20201116-020859\specimen_files\grid_12-825-55-15.css
FileModTime:1605467338
%EndFont

%BeginFont
Handler:DirectoryHandler
FontType:Invalid
OutlineFileName:C:\Users\irfan\OneDrive\Documents\Web-IRStudio\Font\webfontkit-20201116-020859\specimen_files\specimen_stylesheet.css
FileModTime:1605467338
%EndFont

